Godot Engine v4.7.2.stable.official.ed1daf0bf - https://godotengine.org

FUN_TRIAL level=6 interval=2.4 first=-1 policy=0 won=true t=60.9999999999991 progress=80/80
FUN_TRIAL level=6 interval=2.4 first=-1 policy=1 won=true t=60.5999999999991 progress=80/80
FUN_TRIAL level=6 interval=2.4 first=0 policy=0 won=true t=60.9999999999991 progress=80/80
FUN_TRIAL level=6 interval=2.4 first=0 policy=1 won=true t=59.3999999999992 progress=80/80
FUN_TRIAL level=6 interval=2.4 first=1 policy=0 won=true t=60.9999999999991 progress=80/80
FUN_TRIAL level=6 interval=2.4 first=1 policy=1 won=true t=60.5999999999991 progress=80/80
FUN_TRIAL level=6 interval=2.4 first=2 policy=0 won=true t=60.9999999999991 progress=80/80
FUN_TRIAL level=6 interval=2.4 first=2 policy=1 won=true t=60.5999999999991 progress=80/80
FUN_TRIAL level=6 interval=2.4 first=3 policy=0 won=true t=60.9999999999991 progress=80/80
FUN_TRIAL level=6 interval=2.4 first=3 policy=1 won=true t=60.5999999999991 progress=80/80
FUN_TRIAL level=6 interval=2.4 first=4 policy=0 won=true t=60.9999999999991 progress=80/80
FUN_TRIAL level=6 interval=2.4 first=4 policy=1 won=true t=60.5999999999991 progress=80/80
FUN_TRIAL level=6 interval=2.4 first=5 policy=0 won=true t=60.9999999999991 progress=80/80
FUN_TRIAL level=6 interval=2.4 first=5 policy=1 won=true t=60.5999999999991 progress=80/80
FUN_TRIAL level=6 interval=2.4 first=18 policy=0 won=true t=60.9999999999991 progress=80/80
FUN_TRIAL level=6 interval=2.4 first=18 policy=1 won=true t=60.5999999999991 progress=80/80
FUN_TRIAL level=6 interval=2.4 first=19 policy=0 won=true t=60.9999999999991 progress=80/80
FUN_TRIAL level=6 interval=2.4 first=19 policy=1 won=true t=60.5999999999991 progress=80/80
FUN_TRIAL level=6 interval=2.4 first=20 policy=0 won=true t=60.9999999999991 progress=80/80
FUN_TRIAL level=6 interval=2.4 first=20 policy=1 won=true t=60.5999999999991 progress=80/80
FUN_TRIAL level=6 interval=2.4 first=21 policy=0 won=true t=60.9999999999991 progress=80/80
FUN_TRIAL level=6 interval=2.4 first=21 policy=1 won=true t=60.5999999999991 progress=80/80
FUN_TRIAL level=6 interval=2.4 first=22 policy=0 won=true t=60.9999999999991 progress=80/80
FUN_TRIAL level=6 interval=2.4 first=22 policy=1 won=true t=60.5999999999991 progress=80/80
FUN_TRIAL level=6 interval=2.4 first=23 policy=0 won=true t=60.8999999999991 progress=80/80
FUN_TRIAL level=6 interval=2.4 first=23 policy=1 won=true t=60.5999999999991 progress=80/80
FUN_TRIAL level=6 interval=3.2 first=-1 policy=0 won=true t=80.199999999998 progress=80/80
FUN_TRIAL level=6 interval=3.2 first=-1 policy=1 won=true t=79.799999999998 progress=80/80
FUN_TRIAL level=6 interval=3.2 first=0 policy=0 won=true t=80.199999999998 progress=80/80
FUN_TRIAL level=6 interval=3.2 first=0 policy=1 won=true t=78.5999999999981 progress=80/80
FUN_TRIAL level=6 interval=3.2 first=1 policy=0 won=true t=80.199999999998 progress=80/80
FUN_TRIAL level=6 interval=3.2 first=1 policy=1 won=true t=79.799999999998 progress=80/80
FUN_TRIAL level=6 interval=3.2 first=2 policy=0 won=true t=80.199999999998 progress=80/80
FUN_TRIAL level=6 interval=3.2 first=2 policy=1 won=true t=79.799999999998 progress=80/80
FUN_TRIAL level=6 interval=3.2 first=3 policy=0 won=true t=80.199999999998 progress=80/80
FUN_TRIAL level=6 interval=3.2 first=3 policy=1 won=true t=79.799999999998 progress=80/80
FUN_TRIAL level=6 interval=3.2 first=4 policy=0 won=true t=80.199999999998 progress=80/80
FUN_TRIAL level=6 interval=3.2 first=4 policy=1 won=true t=79.799999999998 progress=80/80
FUN_TRIAL level=6 interval=3.2 first=5 policy=0 won=true t=80.199999999998 progress=80/80
FUN_TRIAL level=6 interval=3.2 first=5 policy=1 won=true t=79.799999999998 progress=80/80
FUN_TRIAL level=6 interval=3.2 first=18 policy=0 won=true t=80.199999999998 progress=80/80
FUN_TRIAL level=6 interval=3.2 first=18 policy=1 won=true t=79.799999999998 progress=80/80
FUN_TRIAL level=6 interval=3.2 first=19 policy=0 won=true t=80.199999999998 progress=80/80
FUN_TRIAL level=6 interval=3.2 first=19 policy=1 won=true t=79.799999999998 progress=80/80
FUN_TRIAL level=6 interval=3.2 first=20 policy=0 won=true t=80.199999999998 progress=80/80
FUN_TRIAL level=6 interval=3.2 first=20 policy=1 won=true t=79.799999999998 progress=80/80
FUN_TRIAL level=6 interval=3.2 first=21 policy=0 won=true t=80.199999999998 progress=80/80
FUN_TRIAL level=6 interval=3.2 first=21 policy=1 won=true t=79.799999999998 progress=80/80
FUN_TRIAL level=6 interval=3.2 first=22 policy=0 won=true t=80.199999999998 progress=80/80
FUN_TRIAL level=6 interval=3.2 first=22 policy=1 won=true t=79.799999999998 progress=80/80
FUN_TRIAL level=6 interval=3.2 first=23 policy=0 won=true t=80.099999999998 progress=80/80
FUN_TRIAL level=6 interval=3.2 first=23 policy=1 won=true t=79.799999999998 progress=80/80
FUN_TRIAL level=8 interval=2.4 first=-1 policy=0 won=true t=65.0999999999989 progress=78/78
FUN_TRIAL level=8 interval=2.4 first=-1 policy=1 won=true t=65.1999999999989 progress=78/78
FUN_TRIAL level=8 interval=2.4 first=0 policy=0 won=true t=65.0999999999989 progress=78/78
FUN_TRIAL level=8 interval=2.4 first=0 policy=1 won=true t=65.1999999999989 progress=78/78
FUN_TRIAL level=8 interval=2.4 first=1 policy=0 won=true t=65.0999999999989 progress=78/78
FUN_TRIAL level=8 interval=2.4 first=1 policy=1 won=true t=65.1999999999989 progress=78/78
FUN_TRIAL level=8 interval=2.4 first=2 policy=0 won=false t=23.266666666667 progress=8/78
FUN_TRIAL level=8 interval=2.4 first=2 policy=1 won=true t=65.1999999999989 progress=78/78
FUN_TRIAL level=8 interval=2.4 first=3 policy=0 won=true t=67.4999999999987 progress=78/78
FUN_TRIAL level=8 interval=2.4 first=3 policy=1 won=true t=65.1999999999989 progress=78/78
FUN_TRIAL level=8 interval=2.4 first=4 policy=0 won=true t=67.4999999999987 progress=78/78
FUN_TRIAL level=8 interval=2.4 first=4 policy=1 won=true t=65.1999999999989 progress=78/78
FUN_TRIAL level=8 interval=2.4 first=9 policy=0 won=true t=65.0999999999989 progress=78/78
FUN_TRIAL level=8 interval=2.4 first=9 policy=1 won=true t=65.1999999999989 progress=78/78
FUN_TRIAL level=8 interval=2.4 first=15 policy=0 won=true t=65.0999999999989 progress=78/78
FUN_TRIAL level=8 interval=2.4 first=15 policy=1 won=true t=65.1999999999989 progress=78/78
FUN_TRIAL level=8 interval=2.4 first=16 policy=0 won=true t=65.0999999999989 progress=78/78
FUN_TRIAL level=8 interval=2.4 first=16 policy=1 won=true t=65.1999999999989 progress=78/78
FUN_TRIAL level=8 interval=2.4 first=21 policy=0 won=true t=65.0999999999989 progress=78/78
FUN_TRIAL level=8 interval=2.4 first=21 policy=1 won=true t=65.1999999999989 progress=78/78
FUN_TRIAL level=8 interval=2.4 first=22 policy=0 won=true t=77.8999999999981 progress=78/78
FUN_TRIAL level=8 interval=2.4 first=22 policy=1 won=true t=65.1999999999989 progress=78/78
FUN_TRIAL level=8 interval=2.4 first=23 policy=0 won=true t=67.4999999999987 progress=78/78
FUN_TRIAL level=8 interval=2.4 first=23 policy=1 won=true t=65.1999999999989 progress=78/78
FUN_TRIAL level=8 interval=2.4 first=24 policy=0 won=true t=67.5999999999987 progress=78/78
FUN_TRIAL level=8 interval=2.4 first=24 policy=1 won=true t=65.1999999999989 progress=78/78
FUN_TRIAL level=8 interval=2.4 first=25 policy=0 won=true t=77.8999999999981 progress=78/78
FUN_TRIAL level=8 interval=2.4 first=25 policy=1 won=true t=65.1999999999989 progress=78/78
FUN_TRIAL level=8 interval=3.2 first=-1 policy=0 won=true t=85.2999999999977 progress=78/78
FUN_TRIAL level=8 interval=3.2 first=-1 policy=1 won=true t=85.8999999999977 progress=78/78
FUN_TRIAL level=8 interval=3.2 first=0 policy=0 won=true t=85.2999999999977 progress=78/78
FUN_TRIAL level=8 interval=3.2 first=0 policy=1 won=true t=86.1999999999977 progress=78/78
FUN_TRIAL level=8 interval=3.2 first=1 policy=0 won=true t=85.2999999999977 progress=78/78
FUN_TRIAL level=8 interval=3.2 first=1 policy=1 won=true t=85.8999999999977 progress=78/78
FUN_TRIAL level=8 interval=3.2 first=2 policy=0 won=true t=86.4999999999977 progress=78/78
FUN_TRIAL level=8 interval=3.2 first=2 policy=1 won=true t=85.8999999999977 progress=78/78
FUN_TRIAL level=8 interval=3.2 first=3 policy=0 won=true t=85.2999999999977 progress=78/78
FUN_TRIAL level=8 interval=3.2 first=3 policy=1 won=true t=85.8999999999977 progress=78/78
FUN_TRIAL level=8 interval=3.2 first=4 policy=0 won=true t=85.2999999999977 progress=78/78
FUN_TRIAL level=8 interval=3.2 first=4 policy=1 won=true t=84.9999999999977 progress=78/78
FUN_TRIAL level=8 interval=3.2 first=9 policy=0 won=true t=86.4999999999977 progress=78/78
FUN_TRIAL level=8 interval=3.2 first=9 policy=1 won=true t=84.9999999999977 progress=78/78
FUN_TRIAL level=8 interval=3.2 first=15 policy=0 won=true t=85.2999999999977 progress=78/78
FUN_TRIAL level=8 interval=3.2 first=15 policy=1 won=true t=85.8999999999977 progress=78/78
FUN_TRIAL level=8 interval=3.2 first=16 policy=0 won=true t=85.8999999999977 progress=78/78
FUN_TRIAL level=8 interval=3.2 first=16 policy=1 won=true t=85.8999999999977 progress=78/78
FUN_TRIAL level=8 interval=3.2 first=21 policy=0 won=true t=85.2999999999977 progress=78/78
FUN_TRIAL level=8 interval=3.2 first=21 policy=1 won=true t=85.8999999999977 progress=78/78
FUN_TRIAL level=8 interval=3.2 first=22 policy=0 won=true t=85.2999999999977 progress=78/78
FUN_TRIAL level=8 interval=3.2 first=22 policy=1 won=true t=85.8999999999977 progress=78/78
FUN_TRIAL level=8 interval=3.2 first=23 policy=0 won=true t=86.5999999999977 progress=78/78
FUN_TRIAL level=8 interval=3.2 first=23 policy=1 won=true t=85.8999999999977 progress=78/78
FUN_TRIAL level=8 interval=3.2 first=24 policy=0 won=true t=86.4999999999977 progress=78/78
FUN_TRIAL level=8 interval=3.2 first=24 policy=1 won=true t=85.8999999999977 progress=78/78
FUN_TRIAL level=8 interval=3.2 first=25 policy=0 won=true t=86.4999999999977 progress=78/78
FUN_TRIAL level=8 interval=3.2 first=25 policy=1 won=true t=85.8999999999977 progress=78/78
FUN_TRIAL level=10 interval=2.4 first=-1 policy=0 won=true t=70.5999999999986 progress=104/104
FUN_TRIAL level=10 interval=2.4 first=-1 policy=1 won=true t=78.5999999999981 progress=104/104
FUN_TRIAL level=10 interval=2.4 first=0 policy=0 won=true t=70.5999999999986 progress=104/104
FUN_TRIAL level=10 interval=2.4 first=0 policy=1 won=true t=78.5999999999981 progress=104/104
FUN_TRIAL level=10 interval=2.4 first=1 policy=0 won=true t=70.5999999999986 progress=104/104
FUN_TRIAL level=10 interval=2.4 first=1 policy=1 won=true t=77.1999999999982 progress=104/104
FUN_TRIAL level=10 interval=2.4 first=2 policy=0 won=true t=70.5999999999986 progress=104/104
FUN_TRIAL level=10 interval=2.4 first=2 policy=1 won=true t=73.7999999999984 progress=104/104
FUN_TRIAL level=10 interval=2.4 first=3 policy=0 won=true t=70.5999999999986 progress=104/104
FUN_TRIAL level=10 interval=2.4 first=3 policy=1 won=true t=76.1999999999982 progress=104/104
FUN_TRIAL level=10 interval=2.4 first=8 policy=0 won=true t=70.5999999999986 progress=104/104
FUN_TRIAL level=10 interval=2.4 first=8 policy=1 won=true t=68.9999999999987 progress=104/104
FUN_TRIAL level=10 interval=2.4 first=13 policy=0 won=true t=70.5999999999986 progress=104/104
FUN_TRIAL level=10 interval=2.4 first=13 policy=1 won=true t=78.5999999999981 progress=104/104
FUN_TRIAL level=10 interval=2.4 first=14 policy=0 won=true t=70.5999999999986 progress=104/104
FUN_TRIAL level=10 interval=2.4 first=14 policy=1 won=true t=78.5999999999981 progress=104/104
FUN_TRIAL level=10 interval=2.4 first=19 policy=0 won=true t=76.1999999999982 progress=104/104
FUN_TRIAL level=10 interval=2.4 first=19 policy=1 won=true t=78.5999999999981 progress=104/104
FUN_TRIAL level=10 interval=2.4 first=24 policy=0 won=true t=70.5999999999986 progress=104/104
FUN_TRIAL level=10 interval=2.4 first=24 policy=1 won=true t=78.5999999999981 progress=104/104
FUN_TRIAL level=10 interval=2.4 first=25 policy=0 won=true t=70.8999999999985 progress=104/104
FUN_TRIAL level=10 interval=2.4 first=25 policy=1 won=true t=78.5999999999981 progress=104/104
FUN_TRIAL level=10 interval=2.4 first=26 policy=0 won=true t=70.5999999999986 progress=104/104
FUN_TRIAL level=10 interval=2.4 first=26 policy=1 won=true t=78.5999999999981 progress=104/104
FUN_TRIAL level=10 interval=2.4 first=27 policy=0 won=true t=71.3999999999985 progress=104/104
FUN_TRIAL level=10 interval=2.4 first=27 policy=1 won=true t=78.5999999999981 progress=104/104
FUN_TRIAL level=10 interval=3.2 first=-1 policy=0 won=true t=92.9999999999973 progress=104/104
FUN_TRIAL level=10 interval=3.2 first=-1 policy=1 won=true t=91.3999999999974 progress=104/104
FUN_TRIAL level=10 interval=3.2 first=0 policy=0 won=true t=92.9999999999973 progress=104/104
FUN_TRIAL level=10 interval=3.2 first=0 policy=1 won=true t=91.3999999999974 progress=104/104
FUN_TRIAL level=10 interval=3.2 first=1 policy=0 won=true t=92.9999999999973 progress=104/104
FUN_TRIAL level=10 interval=3.2 first=1 policy=1 won=true t=92.3999999999973 progress=104/104
FUN_TRIAL level=10 interval=3.2 first=2 policy=0 won=true t=92.9999999999973 progress=104/104
FUN_TRIAL level=10 interval=3.2 first=2 policy=1 won=true t=91.3999999999974 progress=104/104
FUN_TRIAL level=10 interval=3.2 first=3 policy=0 won=true t=92.9999999999973 progress=104/104
FUN_TRIAL level=10 interval=3.2 first=3 policy=1 won=true t=91.3999999999974 progress=104/104
FUN_TRIAL level=10 interval=3.2 first=8 policy=0 won=true t=92.9999999999973 progress=104/104
FUN_TRIAL level=10 interval=3.2 first=8 policy=1 won=true t=93.2999999999973 progress=104/104
FUN_TRIAL level=10 interval=3.2 first=13 policy=0 won=true t=92.9999999999973 progress=104/104
FUN_TRIAL level=10 interval=3.2 first=13 policy=1 won=true t=91.3999999999974 progress=104/104
FUN_TRIAL level=10 interval=3.2 first=14 policy=0 won=true t=92.9999999999973 progress=104/104
FUN_TRIAL level=10 interval=3.2 first=14 policy=1 won=true t=91.3999999999974 progress=104/104
FUN_TRIAL level=10 interval=3.2 first=19 policy=0 won=false t=93.1999999999973 progress=103/104
FUN_TRIAL level=10 interval=3.2 first=19 policy=1 won=true t=91.3999999999974 progress=104/104
FUN_TRIAL level=10 interval=3.2 first=24 policy=0 won=true t=92.9999999999973 progress=104/104
FUN_TRIAL level=10 interval=3.2 first=24 policy=1 won=true t=91.3999999999974 progress=104/104
FUN_TRIAL level=10 interval=3.2 first=25 policy=0 won=true t=93.2999999999973 progress=104/104
FUN_TRIAL level=10 interval=3.2 first=25 policy=1 won=true t=91.3999999999974 progress=104/104
FUN_TRIAL level=10 interval=3.2 first=26 policy=0 won=true t=92.9999999999973 progress=104/104
FUN_TRIAL level=10 interval=3.2 first=26 policy=1 won=true t=91.3999999999974 progress=104/104
FUN_TRIAL level=10 interval=3.2 first=27 policy=0 won=true t=93.7999999999972 progress=104/104
FUN_TRIAL level=10 interval=3.2 first=27 policy=1 won=true t=91.3999999999974 progress=104/104
INDEPENDENT_FUN checks=741133 failures=0 trials=160
