ffmpeg version 8.1.2-full_build-www.gyan.dev Copyright (c) 2000-2026 the FFmpeg developers
  built with gcc 16.1.0 (Rev2, Built by MSYS2 project)
  configuration: --enable-gpl --enable-version3 --enable-static --disable-w32threads --disable-autodetect --enable-cairo --enable-fontconfig --enable-iconv --enable-gnutls --enable-lcms2 --enable-libxml2 --enable-gmp --enable-bzlib --enable-lzma --enable-libsnappy --enable-zlib --enable-librist --enable-libsrt --enable-libssh --enable-libzmq --enable-avisynth --enable-libbluray --enable-libcaca --enable-libdvdnav --enable-libdvdread --enable-sdl2 --enable-libaribb24 --enable-libaribcaption --enable-libdav1d --enable-libdavs2 --enable-libopenjpeg --enable-libquirc --enable-libuavs3d --enable-libxevd --enable-libzvbi --enable-liboapv --enable-libqrencode --enable-librav1e --enable-libsvtav1 --enable-libvvenc --enable-libwebp --enable-libx264 --enable-libx265 --enable-libxavs2 --enable-libxeve --enable-libxvid --enable-libaom --enable-libjxl --enable-libsvtjpegxs --enable-libvpx --enable-mediafoundation --enable-libass --enable-frei0r --enable-libfreetype --enable-libfribidi --enable-libharfbuzz --enable-liblensfun --enable-libvidstab --enable-libvmaf --enable-libzimg --enable-amf --enable-cuda-llvm --enable-cuvid --enable-dxva2 --enable-d3d11va --enable-d3d12va --enable-ffnvcodec --enable-libvpl --enable-nvdec --enable-nvenc --enable-vaapi --enable-libshaderc --enable-vulkan --enable-libplacebo --enable-opencl --enable-libcdio --enable-openal --enable-libgme --enable-libmodplug --enable-libopenmpt --enable-libopencore-amrwb --enable-libmp3lame --enable-libshine --enable-libtheora --enable-libtwolame --enable-libvo-amrwbenc --enable-libcodec2 --enable-libilbc --enable-libgsm --enable-liblc3 --enable-libopencore-amrnb --enable-libopus --enable-libspeex --enable-libvorbis --enable-ladspa --enable-libbs2b --enable-libflite --enable-libmysofa --enable-librubberband --enable-libsoxr --enable-chromaprint --enable-whisper
  libavutil      60. 26.102 / 60. 26.102
  libavcodec     62. 28.102 / 62. 28.102
  libavformat    62. 12.102 / 62. 12.102
  libavdevice    62.  3.102 / 62.  3.102
  libavfilter    11. 14.102 / 11. 14.102
  libswscale      9.  5.102 /  9.  5.102
  libswresample   6.  3.102 /  6.  3.102
[aist#0:1/pcm_s16le @ 00000174a12b6600] Guessed Channel Layout: stereo
Input #0, avi, from 'C:/SourceCodes/WoolGame/Evidence/Rebuild/Final/gameplay.avi':
  Duration: 00:00:32.07, start: 0.000000, bitrate: 17217 kb/s
  Stream #0:0: Video: mjpeg (Baseline) (MJPG / 0x47504A4D), yuvj420p(pc, bt470bg/unknown/unknown), 540x1170 [SAR 1:1 DAR 6:13], 15686 kb/s, 30 fps, 30 tbr, 30 tbn
  Stream #0:1: Audio: pcm_s16le ([1][0][0][0] / 0x0001), 48000 Hz, stereo, s16, 1536 kb/s
Stream mapping:
  Stream #0:0 -> #0:0 (mjpeg (native) -> h264 (libx264))
  Stream #0:1 -> #0:1 (pcm_s16le (native) -> aac (native))
Press [q] to stop, [?] for help
[swscaler @ 00000174a36d6300] deprecated pixel format used, make sure you did set range correctly
[libx264 @ 00000174a12cf5c0] using SAR=1/1
[libx264 @ 00000174a12cf5c0] using cpu capabilities: MMX2 SSE2Fast SSSE3 SSE4.2 AVX FMA3 BMI2 AVX2 AVX512
[libx264 @ 00000174a12cf5c0] profile High, level 3.1, 4:2:0, 8-bit
[libx264 @ 00000174a12cf5c0] 264 - core 165 r3223 0480cb0 - H.264/MPEG-4 AVC codec - Copyleft 2003-2025 - http://www.videolan.org/x264.html - options: cabac=1 ref=3 deblock=1:0:0 analyse=0x3:0x113 me=hex subme=7 psy=1 psy_rd=1.00:0.00 mixed_ref=1 me_range=16 chroma_me=1 trellis=1 8x8dct=1 cqm=0 deadzone=21,11 fast_pskip=1 chroma_qp_offset=-2 threads=24 lookahead_threads=4 sliced_threads=0 nr=0 decimate=1 interlaced=0 bluray_compat=0 constrained_intra=0 bframes=3 b_pyramid=2 b_adapt=1 b_bias=0 direct=1 weightb=1 open_gop=0 weightp=2 keyint=250 keyint_min=25 scenecut=40 intra_refresh=0 rc_lookahead=40 rc=crf mbtree=1 crf=19.0 qcomp=0.60 qpmin=0 qpmax=69 qpstep=4 ip_ratio=1.40 aq=1:1.00
Output #0, mp4, to 'C:/SourceCodes/WoolGame/Evidence/Rebuild/Final/gameplay.mp4':
  Metadata:
    encoder         : Lavf62.12.102
  Stream #0:0: Video: h264 (avc1 / 0x31637661), yuv420p(pc, bt470bg/unknown/unknown, progressive), 540x1170 [SAR 1:1 DAR 6:13], q=2-31, 30 fps, 15360 tbn
    Metadata:
      encoder         : Lavc62.28.102 libx264
    Side data:
      CPB properties: bitrate max/min/avg: 0/0/0 buffer size: 0 vbv_delay: N/A
  Stream #0:1: Audio: aac (LC) (mp4a / 0x6134706D), 48000 Hz, stereo, fltp, 128 kb/s
    Metadata:
      encoder         : Lavc62.28.102 aac
frame=   89 fps=0.0 q=25.0 size=    1024KiB time=00:00:02.90 bitrate=2892.8kbits/s speed=5.46x elapsed=0:00:00.53    frame=  214 fps=204 q=25.0 size=    2816KiB time=00:00:07.06 bitrate=3264.5kbits/s speed=6.75x elapsed=0:00:01.04    frame=  320 fps=204 q=25.0 size=    4608KiB time=00:00:10.60 bitrate=3561.2kbits/s speed=6.76x elapsed=0:00:01.56    frame=  424 fps=203 q=25.0 size=    6144KiB time=00:00:14.10 bitrate=3569.6kbits/s speed=6.76x elapsed=0:00:02.08    frame=  525 fps=202 q=25.0 size=    7680KiB time=00:00:17.43 bitrate=3608.9kbits/s speed= 6.7x elapsed=0:00:02.60    frame=  645 fps=207 q=25.0 size=    9216KiB time=00:00:21.43 bitrate=3522.5kbits/s speed=6.87x elapsed=0:00:03.11    frame=  813 fps=224 q=25.0 size=   10496KiB time=00:00:27.03 bitrate=3180.7kbits/s speed=7.44x elapsed=0:00:03.63    [mp4 @ 00000174a12bcb40] Starting second pass: moving the moov atom to the beginning of the file
[out#0/mp4 @ 00000174a123d3c0] video:10591KiB audio:148KiB subtitle:0KiB other streams:0KiB global headers:0KiB muxing overhead: 0.330828%
frame=  962 fps=245 q=-1.0 Lsize=   10774KiB time=00:00:32.00 bitrate=2758.2kbits/s speed=8.16x elapsed=0:00:03.92    
[libx264 @ 00000174a12cf5c0] frame I:5     Avg QP:11.52  size: 73869
[libx264 @ 00000174a12cf5c0] frame P:284   Avg QP:18.61  size: 17371
[libx264 @ 00000174a12cf5c0] frame B:673   Avg QP:25.66  size:  8234
[libx264 @ 00000174a12cf5c0] consecutive B-frames:  6.4%  0.6%  0.6% 92.3%
[libx264 @ 00000174a12cf5c0] mb I  I16..4: 32.1% 54.3% 13.6%
[libx264 @ 00000174a12cf5c0] mb P  I16..4:  0.2%  1.5%  0.1%  P16..4:  4.9%  3.7%  3.5%  0.0%  0.0%    skip:86.1%
[libx264 @ 00000174a12cf5c0] mb B  I16..4:  0.1%  0.2%  0.1%  B16..8:  6.1%  2.6%  1.7%  direct: 2.8%  skip:86.5%  L0:41.0% L1:34.7% BI:24.3%
[libx264 @ 00000174a12cf5c0] 8x8 transform intra:66.2% inter:87.9%
[libx264 @ 00000174a12cf5c0] coded y,uvDC,uvAC intra: 68.5% 55.6% 48.8% inter: 7.7% 6.3% 4.7%
[libx264 @ 00000174a12cf5c0] i16 v,h,dc,p:  8% 90%  1%  0%
[libx264 @ 00000174a12cf5c0] i8 v,h,dc,ddl,ddr,vr,hd,vl,hu: 19% 26% 27%  3%  5%  5%  6%  4%  5%
[libx264 @ 00000174a12cf5c0] i4 v,h,dc,ddl,ddr,vr,hd,vl,hu: 16% 53% 15%  2%  3%  3%  4%  2%  3%
[libx264 @ 00000174a12cf5c0] i8c dc,h,v,p: 53% 23% 19%  5%
[libx264 @ 00000174a12cf5c0] Weighted P-Frames: Y:0.0% UV:0.0%
[libx264 @ 00000174a12cf5c0] ref P L0: 56.3% 10.8% 15.8% 17.1%
[libx264 @ 00000174a12cf5c0] ref B L0: 73.3% 19.9%  6.8%
[libx264 @ 00000174a12cf5c0] ref B L1: 89.9% 10.1%
[libx264 @ 00000174a12cf5c0] kb/s:2705.43
[aac @ 00000174a12f20c0] Qavg: 54069.652
