ffmpeg version 8.1.2-full_build-www.gyan.dev Copyright (c) 2000-2026 the FFmpeg developers
  built with gcc 16.1.0 (Rev2, Built by MSYS2 project)
  configuration: --enable-gpl --enable-version3 --enable-static --disable-w32threads --disable-autodetect --enable-cairo --enable-fontconfig --enable-iconv --enable-gnutls --enable-lcms2 --enable-libxml2 --enable-gmp --enable-bzlib --enable-lzma --enable-libsnappy --enable-zlib --enable-librist --enable-libsrt --enable-libssh --enable-libzmq --enable-avisynth --enable-libbluray --enable-libcaca --enable-libdvdnav --enable-libdvdread --enable-sdl2 --enable-libaribb24 --enable-libaribcaption --enable-libdav1d --enable-libdavs2 --enable-libopenjpeg --enable-libquirc --enable-libuavs3d --enable-libxevd --enable-libzvbi --enable-liboapv --enable-libqrencode --enable-librav1e --enable-libsvtav1 --enable-libvvenc --enable-libwebp --enable-libx264 --enable-libx265 --enable-libxavs2 --enable-libxeve --enable-libxvid --enable-libaom --enable-libjxl --enable-libsvtjpegxs --enable-libvpx --enable-mediafoundation --enable-libass --enable-frei0r --enable-libfreetype --enable-libfribidi --enable-libharfbuzz --enable-liblensfun --enable-libvidstab --enable-libvmaf --enable-libzimg --enable-amf --enable-cuda-llvm --enable-cuvid --enable-dxva2 --enable-d3d11va --enable-d3d12va --enable-ffnvcodec --enable-libvpl --enable-nvdec --enable-nvenc --enable-vaapi --enable-libshaderc --enable-vulkan --enable-libplacebo --enable-opencl --enable-libcdio --enable-openal --enable-libgme --enable-libmodplug --enable-libopenmpt --enable-libopencore-amrwb --enable-libmp3lame --enable-libshine --enable-libtheora --enable-libtwolame --enable-libvo-amrwbenc --enable-libcodec2 --enable-libilbc --enable-libgsm --enable-liblc3 --enable-libopencore-amrnb --enable-libopus --enable-libspeex --enable-libvorbis --enable-ladspa --enable-libbs2b --enable-libflite --enable-libmysofa --enable-librubberband --enable-libsoxr --enable-chromaprint --enable-whisper
  libavutil      60. 26.102 / 60. 26.102
  libavcodec     62. 28.102 / 62. 28.102
  libavformat    62. 12.102 / 62. 12.102
  libavdevice    62.  3.102 / 62.  3.102
  libavfilter    11. 14.102 / 11. 14.102
  libswscale      9.  5.102 /  9.  5.102
  libswresample   6.  3.102 /  6.  3.102
[aist#0:1/pcm_s16le @ 000001f7861fcf80] Guessed Channel Layout: stereo
Input #0, avi, from 'C:/SourceCodes/WoolGame/Evidence/Rebuild/Final/gameplay.avi':
  Duration: 00:00:32.07, start: 0.000000, bitrate: 16834 kb/s
  Stream #0:0: Video: mjpeg (Baseline) (MJPG / 0x47504A4D), yuvj420p(pc, bt470bg/unknown/unknown), 540x1170 [SAR 1:1 DAR 6:13], 15302 kb/s, 30 fps, 30 tbr, 30 tbn
  Stream #0:1: Audio: pcm_s16le ([1][0][0][0] / 0x0001), 48000 Hz, stereo, s16, 1536 kb/s
Stream mapping:
  Stream #0:0 -> #0:0 (mjpeg (native) -> h264 (libx264))
  Stream #0:1 -> #0:1 (pcm_s16le (native) -> aac (native))
Press [q] to stop, [?] for help
[swscaler @ 000001f7886a3980] deprecated pixel format used, make sure you did set range correctly
[libx264 @ 000001f786210240] using SAR=1/1
[libx264 @ 000001f786210240] using cpu capabilities: MMX2 SSE2Fast SSSE3 SSE4.2 AVX FMA3 BMI2 AVX2 AVX512
[libx264 @ 000001f786210240] profile High, level 3.1, 4:2:0, 8-bit
[libx264 @ 000001f786210240] 264 - core 165 r3223 0480cb0 - H.264/MPEG-4 AVC codec - Copyleft 2003-2025 - http://www.videolan.org/x264.html - options: cabac=1 ref=3 deblock=1:0:0 analyse=0x3:0x113 me=hex subme=7 psy=1 psy_rd=1.00:0.00 mixed_ref=1 me_range=16 chroma_me=1 trellis=1 8x8dct=1 cqm=0 deadzone=21,11 fast_pskip=1 chroma_qp_offset=-2 threads=24 lookahead_threads=4 sliced_threads=0 nr=0 decimate=1 interlaced=0 bluray_compat=0 constrained_intra=0 bframes=3 b_pyramid=2 b_adapt=1 b_bias=0 direct=1 weightb=1 open_gop=0 weightp=2 keyint=250 keyint_min=25 scenecut=40 intra_refresh=0 rc_lookahead=40 rc=crf mbtree=1 crf=19.0 qcomp=0.60 qpmin=0 qpmax=69 qpstep=4 ip_ratio=1.40 aq=1:1.00
Output #0, mp4, to 'C:/SourceCodes/WoolGame/Evidence/Rebuild/Final/gameplay.mp4':
  Metadata:
    encoder         : Lavf62.12.102
  Stream #0:0: Video: h264 (avc1 / 0x31637661), yuv420p(pc, bt470bg/unknown/unknown, progressive), 540x1170 [SAR 1:1 DAR 6:13], q=2-31, 30 fps, 15360 tbn
    Metadata:
      encoder         : Lavc62.28.102 libx264
    Side data:
      CPB properties: bitrate max/min/avg: 0/0/0 buffer size: 0 vbv_delay: N/A
  Stream #0:1: Audio: aac (LC) (mp4a / 0x6134706D), 48000 Hz, stereo, fltp, 128 kb/s
    Metadata:
      encoder         : Lavc62.28.102 aac
frame=   81 fps=0.0 q=25.0 size=     768KiB time=00:00:02.63 bitrate=2389.3kbits/s speed=5.14x elapsed=0:00:00.51    frame=  222 fps=215 q=25.0 size=    2560KiB time=00:00:07.33 bitrate=2859.8kbits/s speed=7.09x elapsed=0:00:01.03    frame=  370 fps=241 q=25.0 size=    4864KiB time=00:00:12.26 bitrate=3248.3kbits/s speed=7.98x elapsed=0:00:01.53    frame=  530 fps=258 q=25.0 size=    7168KiB time=00:00:17.60 bitrate=3336.4kbits/s speed=8.57x elapsed=0:00:02.05    frame=  657 fps=256 q=25.0 size=    8704KiB time=00:00:21.83 bitrate=3265.8kbits/s speed=8.49x elapsed=0:00:02.57    frame=  807 fps=261 q=25.0 size=    9472KiB time=00:00:26.83 bitrate=2891.7kbits/s speed=8.69x elapsed=0:00:03.08    [mp4 @ 000001f786203640] Starting second pass: moving the moov atom to the beginning of the file
[out#0/mp4 @ 000001f78617ed80] video:9708KiB audio:148KiB subtitle:0KiB other streams:0KiB global headers:0KiB muxing overhead: 0.361126%
frame=  962 fps=287 q=-1.0 Lsize=    9892KiB time=00:00:32.00 bitrate=2532.3kbits/s speed=9.56x elapsed=0:00:03.34    
[libx264 @ 000001f786210240] frame I:4     Avg QP:10.67  size: 81282
[libx264 @ 000001f786210240] frame P:278   Avg QP:18.85  size: 15430
[libx264 @ 000001f786210240] frame B:680   Avg QP:23.46  size:  7832
[libx264 @ 000001f786210240] consecutive B-frames:  5.5%  0.4%  0.9% 93.1%
[libx264 @ 000001f786210240] mb I  I16..4: 50.4% 43.9%  5.6%
[libx264 @ 000001f786210240] mb P  I16..4:  0.5%  2.1%  0.2%  P16..4:  4.2%  3.1%  2.8%  0.0%  0.0%    skip:87.2%
[libx264 @ 000001f786210240] mb B  I16..4:  0.1%  0.4%  0.1%  B16..8:  5.3%  2.3%  1.4%  direct: 2.4%  skip:87.9%  L0:42.0% L1:34.9% BI:23.1%
[libx264 @ 000001f786210240] 8x8 transform intra:65.7% inter:86.0%
[libx264 @ 000001f786210240] coded y,uvDC,uvAC intra: 43.9% 46.5% 39.4% inter: 6.4% 5.7% 4.4%
[libx264 @ 000001f786210240] i16 v,h,dc,p: 61% 34%  5%  0%
[libx264 @ 000001f786210240] i8 v,h,dc,ddl,ddr,vr,hd,vl,hu: 16% 15% 45%  3%  5%  4%  5%  3%  4%
[libx264 @ 000001f786210240] i4 v,h,dc,ddl,ddr,vr,hd,vl,hu: 19% 38% 22%  3%  4%  4%  6%  3%  3%
[libx264 @ 000001f786210240] i8c dc,h,v,p: 50% 25% 21%  3%
[libx264 @ 000001f786210240] Weighted P-Frames: Y:0.4% UV:0.4%
[libx264 @ 000001f786210240] ref P L0: 54.9% 10.4% 17.3% 17.4%  0.0%
[libx264 @ 000001f786210240] ref B L0: 71.9% 21.9%  6.2%
[libx264 @ 000001f786210240] ref B L1: 90.6%  9.4%
[libx264 @ 000001f786210240] kb/s:2479.97
[aac @ 000001f786245840] Qavg: 54069.652
