Godot Engine v4.7.2.stable.official.ed1daf0bf - https://godotengine.org
OpenGL API 3.3.0 NVIDIA 576.02 - Compatibility - Using Device: NVIDIA - NVIDIA GeForce RTX 3060 Laptop GPU

Movie Maker mode enabled, recording movie in 540×1038 @ 30 FPS...
WOOL_READY profile=C:/SourceCodes/WoolGame/BuildWork/Encounter/profile-1789018785854/campaign_v2.json screen=home level=1 viewport=(592.0, 1138.0)
ENCOUNTER 1.9 flee hearts=1
ENCOUNTER 1.9 warning hearts=3
DAMAGE 2.43333333333333 hearts=2
ENCOUNTER 3.8 warning hearts=2
DAMAGE 4.33333333333333 hearts=1
ENCOUNTER 5.69999999999999 warning hearts=1
DAMAGE 6.23333333333332 hearts=0
--------------------------------------------------------------------------------
Done recording movie at path: C:/SourceCodes/WoolGame/BuildWork/Encounter/encounter.avi
330 frames at 30 FPS (movie length: 00:00:11:00), recorded in 00:00:16 (68% of real-time speed).
CPU render time: 0.33 seconds (average: 1.01 ms/frame)
GPU render time: 0.08 seconds (average: 0.23 ms/frame)
Encoding time: 3.36 seconds (average: 10.18 ms/frame)
--------------------------------------------------------------------------------
WARNING: 6 ObjectDB instances were leaked at exit (run with `--verbose` for details).
   at: cleanup (core/object/object.cpp:2536)
ERROR: 2 resources still in use at exit (run with --verbose for details).
   at: clear (core/io/resource.cpp:822)
